2025-12-26 11:35:58,910 - INFO - 数据库初始化完成: wine_prices_daily.db
2025-12-26 11:35:59,251 - INFO - 手动添加 40 条价格记录
2025-12-26 11:35:59,253 - INFO - 数据库初始化完成: wine_prices_daily.db
2025-12-26 11:35:59,436 - INFO - 手动添加 20 条价格记录
2025-12-26 11:35:59,438 - INFO - 数据库初始化完成: wine_prices_daily.db
2025-12-26 11:36:13,928 - INFO - 数据库初始化完成: wine_prices_daily.db
2025-12-26 11:36:22,598 - INFO - 数据库初始化完成: wine_prices_daily.db
2025-12-26 11:36:22,837 - INFO - 数据库初始化完成: wine_prices_daily.db
2025-12-26 11:36:31,042 - INFO - 数据库初始化完成: wine_prices_daily.db
2025-12-26 11:36:31,044 - INFO - 导出 34 条记录到 wine_prices_20251226.csv
2025-12-26 11:40:06,116 - INFO - 数据库初始化完成: wine_prices_daily.db
2025-12-26 11:40:06,390 - INFO - [今日酒价] 添加 25 条记录
2025-12-26 11:40:06,559 - INFO - [不二酱] 添加 15 条记录
2025-12-26 11:40:06,562 - INFO - 数据库初始化完成: wine_prices_daily.db
2025-12-26 11:40:06,662 - INFO - [今日酒价] 添加 10 条记录
2025-12-26 11:40:06,728 - INFO - [不二酱] 添加 7 条记录
2025-12-26 11:40:06,730 - INFO - 数据库初始化完成: wine_prices_daily.db
2025-12-26 11:40:14,220 - INFO - 数据库初始化完成: wine_prices_daily.db
2025-12-26 11:40:22,849 - INFO - 数据库初始化完成: wine_prices_daily.db
2025-12-26 11:40:22,852 - INFO - 导出 28 条记录到 jinrijiujia_20251226.csv
2025-12-26 11:40:22,854 - INFO - 导出 6 条记录到 buerjiang_20251226.csv
